// Jest Snapshot v1, https://goo.gl/fbAQLP

exports[`About renders homepage unchanged 1`] = `
<div>
  <div
    class="wrapper"
  >
    <div
      class="image"
    >
      <img
        alt="photo of blog's author"
        data-nimg="fill"
        decoding="async"
        loading="lazy"
        sizes="100vw"
        src="/_next/image?url=https%3A%2F%2Fexample.com%2Ftest.jpg&w=3840&q=75"
        srcset="/_next/image?url=https%3A%2F%2Fexample.com%2Ftest.jpg&w=640&q=75 640w, /_next/image?url=https%3A%2F%2Fexample.com%2Ftest.jpg&w=750&q=75 750w, /_next/image?url=https%3A%2F%2Fexample.com%2Ftest.jpg&w=828&q=75 828w, /_next/image?url=https%3A%2F%2Fexample.com%2Ftest.jpg&w=1080&q=75 1080w, /_next/image?url=https%3A%2F%2Fexample.com%2Ftest.jpg&w=1200&q=75 1200w, /_next/image?url=https%3A%2F%2Fexample.com%2Ftest.jpg&w=1920&q=75 1920w, /_next/image?url=https%3A%2F%2Fexample.com%2Ftest.jpg&w=2048&q=75 2048w, /_next/image?url=https%3A%2F%2Fexample.com%2Ftest.jpg&w=3840&q=75 3840w"
        style="position: absolute; height: 100%; width: 100%; left: 0px; top: 0px; right: 0px; bottom: 0px; color: transparent;"
      />
    </div>
    <div
      class="content"
    >
      <p
        data-testid="paragraph"
      >
        This is an about page
      </p>
    </div>
  </div>
</div>
`;
