// Jest Snapshot v1, https://goo.gl/fbAQLP

exports[`Home renders homepage unchanged 1`] = `
<div>
  <div
    class="gradient"
  >
    <main
      class="main custom-container"
    >
      <h1
        class="title col-sm-10 col-md-11 col-lg-10"
      >
        Test headline
      </h1>
      <h2
        class="subtitle col-sm-10 col-xl-9 col-xxl-11"
      >
        Test subheadline
      </h2>
      <a
        class="button brick large shadow main-cta "
        href="http://google.com"
        target="_blank"
      >
        Test button
      </a>
    </main>
  </div>
</div>
`;
