// Jest Snapshot v1, https://goo.gl/fbAQLP

exports[`Home renders homepage unchanged 1`] = `
<div>
  <div
    class="gradient"
  >
    <nav
      aria-label="Main"
      class="MuiPaper-root MuiPaper-elevation MuiPaper-elevation4 MuiAppBar-root MuiAppBar-colorPrimary MuiAppBar-positionFixed mui-fixed css-3y7qso-MuiPaper-root-MuiAppBar-root"
      role="navigation"
    >
      <div
        class="MuiToolbar-root MuiToolbar-gutters MuiToolbar-regular custom-container css-hyum1k-MuiToolbar-root"
        style="width: 100%; height: 88px;"
      >
        <button
          aria-label="open drawer"
          class="MuiButtonBase-root MuiIconButton-root MuiIconButton-colorInherit MuiIconButton-edgeStart MuiIconButton-sizeMedium css-6iz4mj-MuiButtonBase-root-MuiIconButton-root"
          tabindex="0"
          test-id="drawerButton"
          type="button"
        >
          <svg
            aria-hidden="true"
            class="MuiSvgIcon-root MuiSvgIcon-fontSizeMedium css-i4bv87-MuiSvgIcon-root"
            data-testid="MenuIcon"
            focusable="false"
            viewBox="0 0 24 24"
          >
            <path
              d="M3 18h18v-2H3v2zm0-5h18v-2H3v2zm0-7v2h18V6H3z"
            />
          </svg>
          <span
            class="MuiTouchRipple-root css-8je8zh-MuiTouchRipple-root"
          />
        </button>
        <div
          class="MuiTypography-root MuiTypography-h6 css-1urdvp-MuiTypography-root"
        >
          Ruth Chernous
        </div>
        <div
          class="MuiBox-root css-130f8nx"
        >
          <a
            href="/"
            style="text-decoration: none;"
          >
            <button
              class="MuiButtonBase-root MuiButton-root MuiButton-text MuiButton-textPrimary MuiButton-sizeMedium MuiButton-textSizeMedium MuiButton-root MuiButton-text MuiButton-textPrimary MuiButton-sizeMedium MuiButton-textSizeMedium css-10s16q3-MuiButtonBase-root-MuiButton-root"
              tabindex="0"
              type="button"
            >
              Home
              <span
                class="MuiTouchRipple-root css-8je8zh-MuiTouchRipple-root"
              />
            </button>
          </a>
          <a
            href="/about"
            style="text-decoration: none;"
          >
            <button
              class="MuiButtonBase-root MuiButton-root MuiButton-text MuiButton-textPrimary MuiButton-sizeMedium MuiButton-textSizeMedium MuiButton-root MuiButton-text MuiButton-textPrimary MuiButton-sizeMedium MuiButton-textSizeMedium css-12b7yuv-MuiButtonBase-root-MuiButton-root"
              tabindex="0"
              type="button"
            >
              About
              <span
                class="MuiTouchRipple-root css-8je8zh-MuiTouchRipple-root"
              />
            </button>
          </a>
          <a
            href="/blog"
            style="text-decoration: none;"
          >
            <button
              class="MuiButtonBase-root MuiButton-root MuiButton-text MuiButton-textPrimary MuiButton-sizeMedium MuiButton-textSizeMedium MuiButton-root MuiButton-text MuiButton-textPrimary MuiButton-sizeMedium MuiButton-textSizeMedium css-12b7yuv-MuiButtonBase-root-MuiButton-root"
              tabindex="0"
              type="button"
            >
              Blog
              <span
                class="MuiTouchRipple-root css-8je8zh-MuiTouchRipple-root"
              />
            </button>
          </a>
          <a
            href="/contact"
            style="text-decoration: none;"
          >
            <button
              class="MuiButtonBase-root MuiButton-root MuiButton-text MuiButton-textPrimary MuiButton-sizeMedium MuiButton-textSizeMedium MuiButton-root MuiButton-text MuiButton-textPrimary MuiButton-sizeMedium MuiButton-textSizeMedium css-12b7yuv-MuiButtonBase-root-MuiButton-root"
              tabindex="0"
              type="button"
            >
              Contact
              <span
                class="MuiTouchRipple-root css-8je8zh-MuiTouchRipple-root"
              />
            </button>
          </a>
        </div>
      </div>
    </nav>
    <nav
      class="MuiBox-root css-0"
    />
    <main
      class="main custom-container"
    >
      <h1
        class="title col-sm-10 col-md-11 col-lg-10"
      >
        Are you looking to get awesome stuff??
      </h1>
      <h2
        class="subtitle col-sm-10 col-xl-9 col-xxl-11"
      >
        We have the most awesome stuff on the internet!
      </h2>
      <a
        class="button brick large shadow main-cta "
        href="https://google.com"
        target="_blank"
      >
        Get stuff
      </a>
    </main>
  </div>
</div>
`;
